<html>
<body>
<pre>
<h1>µVision Build Log</h1>
<h2>Project:</h2>
D:\Keil\Labware\Embedded-Systems-lab\Lab9_FunctionalDebugging\Lab9.uvproj
Project File Date:  03/26/2015

<h2>Output:</h2>
Build target 'Lab9'
linking...
Program Size: Code=3016 RO-data=2712 RW-data=76 ZI-data=1644  
".\Lab9.axf" - 0 Error(s), 0 Warning(s).
Load "D:\\Keil\\Labware\\Embedded-Systems-lab\\Lab9_FunctionalDebugging\\Lab9.axf" 
Connecting: Mode=JTAG, Speed=1000000Hz
Erase Done.
Programming Done.
Verify OK.
</pre>
</body>
</html>
 Done.
Verify OK.
